starting libnamecheck
processing AttributeDeclarationTest.cpp
AttributeDeclarationTest.cpp: En la función miembro ‘void Test1t::myMethod()’:
AttributeDeclarationTest.cpp:28:7: aviso: Attribute declaration names should start with underscore followed by a lowercase in _Lenth (PUBLIC) [activado por defecto]
AttributeDeclarationTest.cpp:29:8: aviso: Attribute declaration names should start with underscore followed by a lowercase in _FREE (PUBLIC) [activado por defecto]
