starting libnamecheck
EnumClassDeclarationTest.cpp:1:1: warning: scoped enums only available with -std=c++0x or -std=gnu++0x [enabled by default]
EnumClassDeclarationTest.cpp:1:32: warning: scoped enums only available with -std=c++0x or -std=gnu++0x [enabled by default]
EnumClassDeclarationTest.cpp:7:1: warning: scoped enums only available with -std=c++0x or -std=gnu++0x [enabled by default]
EnumClassDeclarationTest.cpp:7:30: warning: scoped enums only available with -std=c++0x or -std=gnu++0x [enabled by default]
processing EnumClassDeclarationTest.cpp
EnumClassDeclarationTest.cpp:10:5: warning: Enum value declaration names should start with uppercase in incorrectcharenum [enabled by default]
EnumClassDeclarationTest.cpp:1:12: warning: Enum type declaration names should start with uppercase in incorrectenumname [enabled by default]
EnumClassDeclarationTest.cpp:4:5: warning: Enum value declaration names should start with uppercase in incorrectenumvalue [enabled by default]
