starting libnamecheck
processing TemplateDeclarationTest.cpp
TemplateDeclarationTest.cpp: En la función ‘int main()’:
TemplateDeclarationTest.cpp:58:11: aviso: Attribute declaration names should start with underscore followed by a lowercase in weights (PRIVATE) [activado por defecto]
TemplateDeclarationTest.cpp:59:13: aviso: Attribute declaration names should not be written using underscore, only is supported one underscore at the beginning in _connection_matrix (PRIVATE) [activado por defecto]
TemplateDeclarationTest.cpp:49:7: aviso: Class declaration names should start with uppercase in incorrectclassname [activado por defecto]
TemplateDeclarationTest.cpp:51:4: aviso: Attribute declaration names should start with underscore followed by a lowercase in IncorrectArgument (PRIVATE) [activado por defecto]
TemplateDeclarationTest.cpp:52:4: aviso: Method declaration names should start with lowercase in IncorrectMethod (PRIVATE) [activado por defecto]
TemplateDeclarationTest.cpp:43:8: aviso: Function declaration names should start with lowercase in GetMax [activado por defecto]
TemplateDeclarationTest.cpp:43:23: aviso: Parameter declaration names should start with lowercase in A [activado por defecto]
TemplateDeclarationTest.cpp:43:33: aviso: Parameter declaration names should start with lowercase in B [activado por defecto]
TemplateDeclarationTest.cpp:44:7: aviso: Variable declaration names should start with lowercase in AAerro1 [activado por defecto]
