starting libnamecheck
processing TypeDeclarationTest.cpp
TypeDeclarationTest.cpp:19:14: aviso: Type declaration names should start with uppercase in test6t [activado por defecto]
TypeDeclarationTest.cpp:13:3: aviso: Type declaration names should start with uppercase in test3t [activado por defecto]
TypeDeclarationTest.cpp:9:3: aviso: Type declaration names should start with uppercase in test2t [activado por defecto]
TypeDeclarationTest.cpp:3:15: aviso: Type declaration names should start with uppercase in test1t [activado por defecto]
TypeDeclarationTest.cpp:1:13: aviso: Type declaration names should start with uppercase in test0 [activado por defecto]
