starting libnamecheck
processing UnionDeclarationTest.cpp
UnionDeclarationTest.cpp:15:7: aviso: Union declaration names should start with uppercase in test3t [activado por defecto]
UnionDeclarationTest.cpp:17:6: aviso: Union value declaration names should start with uppercase in aa [activado por defecto]
UnionDeclarationTest.cpp:18:8: aviso: Union value declaration names should start with uppercase in bb [activado por defecto]
UnionDeclarationTest.cpp:10:7: aviso: Union declaration names should start with uppercase in test2t [activado por defecto]
UnionDeclarationTest.cpp:1:7: aviso: Union declaration names should end with lowercase in Test0 [activado por defecto]
