starting libnamecheck
processing VariableDeclarationTest.cpp
VariableDeclarationTest.cpp: En la función ‘void testFunct()’:
VariableDeclarationTest.cpp:7:6: aviso: Variable declaration names should start with lowercase in Incorrectfunction [activado por defecto]
VariableDeclarationTest.cpp:12:11: aviso: Variable declaration names should start with lowercase in Incorrectfor [activado por defecto]
VariableDeclarationTest.cpp:14:7: aviso: Variable declaration names should start with lowercase in Incorrectforblock [activado por defecto]
VariableDeclarationTest.cpp:20:10: aviso: Variable declaration names should start with lowercase in Incorrectif [activado por defecto]
VariableDeclarationTest.cpp:22:7: aviso: Variable declaration names should start with lowercase in Incorrectifblock [activado por defecto]
VariableDeclarationTest.cpp:26:7: aviso: Variable declaration names should start with lowercase in Incorrectblock [activado por defecto]
VariableDeclarationTest.cpp:2:5: aviso: Variable declaration names should start with lowercase in Incorrectglobal [activado por defecto]
