starting libnamecheck
processing TemplateAliasDeclarationTest.cpp
TemplateAliasDeclarationTest.cpp:5:46: warning: Type declaration names should start with uppercase in dictionary [enabled by default]
TemplateAliasDeclarationTest.cpp:4:11: warning: Type declaration names should end with lowercase in T [enabled by default]
