starting libnamecheck
processing AttributeDeclarationTest.cpp
AttributeDeclarationTest.cpp:29:7: warning: Public Attribute declaration should start with an underscore followed by lowercase in _Lenth [enabled by default]
AttributeDeclarationTest.cpp:30:8: warning: Public Attribute declaration should start with an underscore followed by lowercase in _FREE [enabled by default]
AttributeDeclarationTest.cpp:12:7: warning: Public Attribute declaration should start with an underscore followed by lowercase in __asdasdasd [enabled by default]
