starting libnamecheck
processing NamespaceDeclarationTest.cpp
NamespaceDeclarationTest.cpp:41:1: warning: [namecheck] Namespace declaration should not be written using underscore or digit in NSMyTest2t [enabled by default]
NamespaceDeclarationTest.cpp:45:2: warning: [namecheck] Namespace declaration should start with NS following by a uppercase and lowercase in TEST1T [enabled by default]
NamespaceDeclarationTest.cpp:46:13: warning: [namecheck] Global const declaration should start with uppercase in test [enabled by default]
NamespaceDeclarationTest.cpp:36:1: warning: [namecheck] Namespace declaration should start with NS following by a uppercase and lowercase in TEST [enabled by default]
NamespaceDeclarationTest.cpp:28:1: warning: [namecheck] Namespace declaration should not be written using underscore or digit in NSMyTest1t [enabled by default]
NamespaceDeclarationTest.cpp:30:2: warning: [namecheck] Namespace declaration should start with NS following by a uppercase and lowercase in test2t [enabled by default]
NamespaceDeclarationTest.cpp:31:13: warning: [namecheck] Global const declaration should start with uppercase in length [enabled by default]
NamespaceDeclarationTest.cpp:19:2: warning: [namecheck] Namespace declaration should not be written using underscore or digit in NSTest1t [enabled by default]
NamespaceDeclarationTest.cpp:21:3: warning: [namecheck] Namespace declaration should not be written using underscore or digit in NSTest2t [enabled by default]
NamespaceDeclarationTest.cpp:12:1: warning: [namecheck] Namespace declaration should start with NS following by a uppercase and lowercase in Mytest2 [enabled by default]
NamespaceDeclarationTest.cpp:7:1: warning: [namecheck] Namespace declaration should start with NS following by a uppercase and lowercase in MytesT [enabled by default]
NamespaceDeclarationTest.cpp:2:1: warning: [namecheck] Namespace declaration should start with NS following by a uppercase and lowercase in mytest [enabled by default]
