starting libnamecheck
processing ParameterDeclarationTest.cpp
ParameterDeclarationTest.cpp:39:21: warning: Parameter declaration should start with lowercase in Test13t [enabled by default]
ParameterDeclarationTest.cpp:39:41: warning: Parameter declaration should start with lowercase in Test14t [enabled by default]
ParameterDeclarationTest.cpp:39:54: warning: Parameter declaration should start with lowercase in Test15t [enabled by default]
ParameterDeclarationTest.cpp:44:28: warning: Parameter declaration should start with lowercase in Test16t [enabled by default]
ParameterDeclarationTest.cpp:44:48: warning: Parameter declaration should start with lowercase in Test17t [enabled by default]
ParameterDeclarationTest.cpp:44:61: warning: Parameter declaration should start with lowercase in Test18t [enabled by default]
ParameterDeclarationTest.cpp:49:28: warning: Parameter declaration should start with lowercase in Test19t [enabled by default]
ParameterDeclarationTest.cpp:49:48: warning: Parameter declaration should start with lowercase in Test20t [enabled by default]
ParameterDeclarationTest.cpp:49:61: warning: Parameter declaration should start with lowercase in Test21t [enabled by default]
ParameterDeclarationTest.cpp:17:29: warning: Parameter declaration should start with lowercase in Test7t [enabled by default]
ParameterDeclarationTest.cpp:17:48: warning: Parameter declaration should start with lowercase in Test8t [enabled by default]
ParameterDeclarationTest.cpp:17:60: warning: Parameter declaration should start with lowercase in Test9t [enabled by default]
ParameterDeclarationTest.cpp:12:29: warning: Parameter declaration should start with lowercase in Test4t [enabled by default]
ParameterDeclarationTest.cpp:12:48: warning: Parameter declaration should start with lowercase in Test5t [enabled by default]
ParameterDeclarationTest.cpp:12:60: warning: Parameter declaration should start with lowercase in Test6t [enabled by default]
ParameterDeclarationTest.cpp:6:22: warning: Parameter declaration should start with lowercase in Test1t [enabled by default]
ParameterDeclarationTest.cpp:6:41: warning: Parameter declaration should start with lowercase in Test2t [enabled by default]
ParameterDeclarationTest.cpp:6:53: warning: Parameter declaration should start with lowercase in Test3t [enabled by default]
ParameterDeclarationTest.cpp:1:22: warning: Parameter declaration should end with lowercase in test0 [enabled by default]
