starting libnamecheck
processing TemplateDeclarationTest.cpp
TemplateDeclarationTest.cpp: In function ‘int main()’:
TemplateDeclarationTest.cpp:59:11: warning: Attribute declaration names should start with underscore followed by a lowercase in weights (PRIVATE) [enabled by default]
TemplateDeclarationTest.cpp:60:13: warning: Attribute declaration names should not be written using underscore, only is supported one underscore at the beginning in _connection_matrix (PRIVATE) [enabled by default]
TemplateDeclarationTest.cpp:56:33: warning: Template's parameters declaration names should end with lowercase in TT [enabled by default]
TemplateDeclarationTest.cpp:56:37: warning: Template's parameters declaration names should end with lowercase in T [enabled by default]
TemplateDeclarationTest.cpp:50:7: warning: Class declaration names should start with uppercase in incorrectclassname [enabled by default]
TemplateDeclarationTest.cpp:52:13: warning: Attribute declaration names should start with underscore followed by a lowercase in IncorrectArgument (PRIVATE) [enabled by default]
TemplateDeclarationTest.cpp:53:13: warning: Method declaration names should start with lowercase in IncorrectMethod (PRIVATE) [enabled by default]
TemplateDeclarationTest.cpp:49:15: warning: Variable declaration names should start with lowercase in AA [enabled by default]
TemplateDeclarationTest.cpp:44:8: warning: Function declaration names should start with lowercase in GetMax [enabled by default]
TemplateDeclarationTest.cpp:44:23: warning: Parameter declaration names should start with lowercase in A [enabled by default]
TemplateDeclarationTest.cpp:44:33: warning: Parameter declaration names should start with lowercase in B [enabled by default]
TemplateDeclarationTest.cpp:45:7: warning: Variable declaration names should start with lowercase in AAerro1 [enabled by default]
TemplateDeclarationTest.cpp:43:11: warning: Template's parameters declaration names should start with uppercase in myType [enabled by default]
TemplateDeclarationTest.cpp:36:11: warning: Template's parameters declaration names should end with lowercase in T [enabled by default]
TemplateDeclarationTest.cpp:25:39: warning: Template's parameters declaration names should end with lowercase in V [enabled by default]
TemplateDeclarationTest.cpp:25:42: warning: Template's parameters declaration names should end with lowercase in T [enabled by default]
TemplateDeclarationTest.cpp:3:11: warning: Template's parameters declaration names should end with lowercase in T [enabled by default]
