starting libnamecheck
processing UnionDeclarationTest.cpp
UnionDeclarationTest.cpp:15:7: warning: [namecheck] Union declaration should start with uppercase in test3t [enabled by default]
UnionDeclarationTest.cpp:17:6: warning: [namecheck] Union value declaration should start with uppercase in aa [enabled by default]
UnionDeclarationTest.cpp:18:8: warning: [namecheck] Union value declaration should start with uppercase in bb [enabled by default]
UnionDeclarationTest.cpp:10:7: warning: [namecheck] Union declaration should start with uppercase in test2t [enabled by default]
