starting libnamecheck
processing ClassDeclarationTest.cpp
ClassDeclarationTest.cpp:43:9: aviso: Class declaration names should start with uppercase in test7t [activado por defecto]
ClassDeclarationTest.cpp:30:8: aviso: Class declaration names should start with uppercase in test5t [activado por defecto]
ClassDeclarationTest.cpp:32:9: aviso: Class declaration names should start with uppercase in test6t [activado por defecto]
ClassDeclarationTest.cpp:22:7: aviso: Class declaration names should start with uppercase in tEST4T [activado por defecto]
ClassDeclarationTest.cpp:17:7: aviso: Class declaration names should start with uppercase in tEST3t [activado por defecto]
ClassDeclarationTest.cpp:8:7: aviso: Class declaration names should end with lowercase in Test0 [activado por defecto]
