starting libnamecheck
processing StructDeclarationTest.cpp
StructDeclarationTest.cpp:73:16: aviso: Struct declaration names should start with uppercase in test16t [activado por defecto]
StructDeclarationTest.cpp:18:8: aviso: Struct declaration names should end with lowercase in Forward1 [activado por defecto]
