starting libnamecheck
processing cbuffer.c
cbuffer.c: En la función ‘CBool cbPopFront(CBHandler, uint8_type*, size_t)’:
cbuffer.c:144:7: aviso: Function declaration names should end with lowercase in cbPopFront1 [activado por defecto]
cbuffer.c:96:7: aviso: Function declaration names should end with lowercase in cbPushBack1 [activado por defecto]
cbufferDefs.h:19:12: aviso: Attribute declaration names should start with underscore followed by a lowercase in cont (PUBLIC) [activado por defecto]
cbufferDefs.h:20:12: aviso: Attribute declaration names should start with underscore followed by a lowercase in readIndex (PUBLIC) [activado por defecto]
cbufferDefs.h:21:12: aviso: Attribute declaration names should start with underscore followed by a lowercase in writeIndex (PUBLIC) [activado por defecto]
cbufferDefs.h:22:17: aviso: Attribute declaration names should start with underscore followed by a lowercase in maxIndex (PUBLIC) [activado por defecto]
cbufferDefs.h:23:17: aviso: Attribute declaration names should start with underscore followed by a lowercase in bufferStart (PUBLIC) [activado por defecto]
typeDefs.h:44:29: aviso: Type declaration names should start with uppercase in float128_type [activado por defecto]
typeDefs.h:43:29: aviso: Type declaration names should start with uppercase in float64_type [activado por defecto]
typeDefs.h:42:29: aviso: Type declaration names should start with uppercase in float32_type [activado por defecto]
typeDefs.h:39:29: aviso: Type declaration names should start with uppercase in int64_type [activado por defecto]
typeDefs.h:38:29: aviso: Type declaration names should start with uppercase in uint32_type [activado por defecto]
typeDefs.h:37:29: aviso: Type declaration names should start with uppercase in int32_type [activado por defecto]
typeDefs.h:36:29: aviso: Type declaration names should start with uppercase in uint16_type [activado por defecto]
typeDefs.h:35:29: aviso: Type declaration names should start with uppercase in int16_type [activado por defecto]
typeDefs.h:32:29: aviso: Type declaration names should start with uppercase in uint8_type [activado por defecto]
typeDefs.h:31:29: aviso: Type declaration names should start with uppercase in int8_type [activado por defecto]
typeDefs.h:30:29: aviso: Type declaration names should start with uppercase in char_type [activado por defecto]
